// Jest Snapshot v1, https://goo.gl/fbAQLP

exports[`Button component should match snapshot 1`] = `
<div>
  <button
    class="sc-bczRLJ gjUQPQ"
    type="button"
  >
    Primary
  </button>
</div>
`;
